[MEDIA] Base: C:\Users\Riccardo\Desktop\media (source=desktop)
[CONFIG] Framework persistito: off
[CONFIG] UDP_PORT configurato da file: 7777
[MEDIA] Selezionata: C:\Users\Riccardo\Desktop\media (source=config)
[BACKEND] Inizializzato backend: off
[CONFIG] Salvato framework: off
2025-11-19 12:13:13,739 [INFO] uvicorn.error: Started server process [21204]
2025-11-19 12:13:13,739 [INFO] uvicorn.error: Waiting for application startup.
[STARTUP] Avvio applicazione
[STARTUP] Avvio main loop GLib
[UDP] Thread avviato su porta 7777 (configurata=7777)
[STARTUP] OFF autostart attivo: avvio OFF-player…
2025-11-19 12:13:13,748 [INFO] uvicorn.error: Application startup complete.
[OFF-BINARY] Trovato eseguibile Windows: C:\Users\Riccardo\Desktop\my_repos\Maroccos\OFF-player\bin\OFF-player.exe
[BEACON] Broadcast (startup) inviato su porta 47999
2025-11-19 12:13:13,749 [INFO] uvicorn.error: Uvicorn running on http://0.0.0.0:8080 (Press CTRL+C to quit)
C:\Python313\Lib\subprocess.py:1029: RuntimeWarning: line buffering (buffering=1) isn't supported in binary mode, the default buffer size will be used
  self.stdout = io.open(c2pread, 'rb', bufsize)
[STARTUP] OFF autostart esito: {'ok': True, 'running': True, 'pid': 30420, 'port': 8085, 'path': 'C:\\Users\\Riccardo\\Desktop\\my_repos\\Maroccos\\OFF-player\\bin\\OFF-player.exe'}
[AUTOPLAY] Modalità manuale: playlist pronta (2 elementi), primo=2025-10-03_06-40-27_UTC.mp4
[OFF-WATCHDOG] Terminato OFF-player orfano PID=20272
[STARTUP] Main loop avviato (splash su richiesta)
[OFF-WATCHDOG] Terminato OFF-player orfano PID=35884
[OFF-WATCHDOG] Terminato OFF-player orfano PID=42596
[AUTOPLAY] Modalità manuale: primo elemento precaricato, player in pausa
[STARTUP] OFF-player risponde all'HTTP
[OFF-WATCHDOG] Terminato OFF-player orfano PID=20272
[OFF-WATCHDOG] Terminato OFF-player orfano PID=35884
[OFF-WATCHDOG] Terminato OFF-player orfano PID=42596
[OFF-WATCHDOG] Terminato OFF-player orfano PID=20272
[OFF-WATCHDOG] Terminato OFF-player orfano PID=35884
[OFF-WATCHDOG] Terminato OFF-player orfano PID=42596
[OFF-WATCHDOG] Terminato OFF-player orfano PID=20272
[OFF-WATCHDOG] Terminato OFF-player orfano PID=35884
[OFF-WATCHDOG] Terminato OFF-player orfano PID=42596
[HUD_PROXY] dispatch mode=2 on=1 (query mode=2 on=None)
[HUD_PROXY] response -> mode=2 payload={'ok': True, 'mode': 2, 'visible': True}
2025-11-19 12:16:13,341 [INFO] uvicorn.access: 127.0.0.1:50395 - "POST /hud/visible?mode=2 HTTP/1.1" 200
[OFF-WATCHDOG] Terminato OFF-player orfano PID=20272
[OFF-WATCHDOG] Terminato OFF-player orfano PID=35884
[OFF-WATCHDOG] Terminato OFF-player orfano PID=42596
[OFF-WATCHDOG] Terminato OFF-player orfano PID=20272
[OFF-WATCHDOG] Terminato OFF-player orfano PID=35884
[OFF-WATCHDOG] Terminato OFF-player orfano PID=42596
[OFF-WATCHDOG] Terminato OFF-player orfano PID=20272
[OFF-WATCHDOG] Terminato OFF-player orfano PID=35884
[OFF-WATCHDOG] Terminato OFF-player orfano PID=42596
[OFF-WATCHDOG] Terminato OFF-player orfano PID=20272
[OFF-WATCHDOG] Terminato OFF-player orfano PID=35884
[OFF-WATCHDOG] Terminato OFF-player orfano PID=42596
[OFF-WATCHDOG] Terminato OFF-player orfano PID=20272
[OFF-WATCHDOG] Terminato OFF-player orfano PID=35884
[OFF-WATCHDOG] Terminato OFF-player orfano PID=42596
[OFF-WATCHDOG] Terminato OFF-player orfano PID=20272
[OFF-WATCHDOG] Terminato OFF-player orfano PID=35884
[OFF-WATCHDOG] Terminato OFF-player orfano PID=42596
[OFF-WATCHDOG] Terminato OFF-player orfano PID=20272
[OFF-WATCHDOG] Terminato OFF-player orfano PID=35884
[OFF-WATCHDOG] Terminato OFF-player orfano PID=42596
[OFF-WATCHDOG] Terminato OFF-player orfano PID=20272
[OFF-WATCHDOG] Terminato OFF-player orfano PID=35884
[OFF-WATCHDOG] Terminato OFF-player orfano PID=42596
[OFF-WATCHDOG] Terminato OFF-player orfano PID=20272
[OFF-WATCHDOG] Terminato OFF-player orfano PID=35884
[OFF-WATCHDOG] Terminato OFF-player orfano PID=42596
[OFF-WATCHDOG] Terminato OFF-player orfano PID=20272
[OFF-WATCHDOG] Terminato OFF-player orfano PID=35884
[OFF-WATCHDOG] Terminato OFF-player orfano PID=42596
[OFF-WATCHDOG] Terminato OFF-player orfano PID=20272
[OFF-WATCHDOG] Terminato OFF-player orfano PID=35884
[OFF-WATCHDOG] Terminato OFF-player orfano PID=42596
[OFF-WATCHDOG] Terminato OFF-player orfano PID=20272
[OFF-WATCHDOG] Terminato OFF-player orfano PID=35884
[OFF-WATCHDOG] Terminato OFF-player orfano PID=42596
[OFF-WATCHDOG] Terminato OFF-player orfano PID=20272
[OFF-WATCHDOG] Terminato OFF-player orfano PID=35884
[OFF-WATCHDOG] Terminato OFF-player orfano PID=42596
[HUD_PROXY] dispatch mode=1 on=1 (query mode=1 on=None)
[HUD_PROXY] response -> mode=1 payload={'ok': True, 'mode': 1, 'visible': True}
2025-11-19 12:25:47,853 [INFO] uvicorn.access: 127.0.0.1:50555 - "POST /hud/visible?mode=1 HTTP/1.1" 200
[OFF-WATCHDOG] Terminato OFF-player orfano PID=20272
[OFF-WATCHDOG] Terminato OFF-player orfano PID=35884
[OFF-WATCHDOG] Terminato OFF-player orfano PID=42596
[OFF-WATCHDOG] Terminato OFF-player orfano PID=20272
[OFF-WATCHDOG] Terminato OFF-player orfano PID=35884
[OFF-WATCHDOG] Terminato OFF-player orfano PID=42596
[HUD_PROXY] dispatch mode=0 on=0 (query mode=0 on=None)
[HUD_PROXY] response -> mode=0 payload={'ok': True, 'mode': 0, 'visible': False}
2025-11-19 12:27:26,081 [INFO] uvicorn.access: 127.0.0.1:50578 - "POST /hud/visible?mode=0 HTTP/1.1" 200
[HEADLESS] POST /stop received
[OFF-BACKEND] /stop -> {'ok': True}
[HEADLESS] /stop diagnostics -> {'total_ms': 11, 'cancel_ms': 0, 'stop_ms': 11, 'overlay_ms': 0}
2025-11-19 12:27:37,695 [INFO] uvicorn.access: 127.0.0.1:50585 - "POST /stop HTTP/1.1" 200
[OFF-WATCHDOG] Terminato OFF-player orfano PID=20272
[OFF-WATCHDOG] Terminato OFF-player orfano PID=35884
[OFF-WATCHDOG] Terminato OFF-player orfano PID=42596
[OFF-WATCHDOG] Terminato OFF-player orfano PID=20272
[OFF-WATCHDOG] Terminato OFF-player orfano PID=35884
[OFF-WATCHDOG] Terminato OFF-player orfano PID=42596
[OFF-WATCHDOG] Terminato OFF-player orfano PID=20272
[OFF-WATCHDOG] Terminato OFF-player orfano PID=35884
[OFF-WATCHDOG] Terminato OFF-player orfano PID=42596
[OFF-WATCHDOG] Terminato OFF-player orfano PID=20272
[OFF-WATCHDOG] Terminato OFF-player orfano PID=35884
[OFF-WATCHDOG] Terminato OFF-player orfano PID=42596
[OFF-WATCHDOG] Terminato OFF-player orfano PID=20272
[OFF-WATCHDOG] Terminato OFF-player orfano PID=35884
[OFF-WATCHDOG] Terminato OFF-player orfano PID=42596
[OFF-WATCHDOG] Terminato OFF-player orfano PID=20272
[OFF-WATCHDOG] Terminato OFF-player orfano PID=35884
[OFF-WATCHDOG] Terminato OFF-player orfano PID=42596
[OFF-WATCHDOG] Terminato OFF-player orfano PID=20272
[OFF-WATCHDOG] Terminato OFF-player orfano PID=35884
[OFF-WATCHDOG] Terminato OFF-player orfano PID=42596
[OFF-WATCHDOG] Terminato OFF-player orfano PID=20272
[OFF-WATCHDOG] Terminato OFF-player orfano PID=35884
[OFF-WATCHDOG] Terminato OFF-player orfano PID=42596
[OFF-WATCHDOG] Terminato OFF-player orfano PID=20272
[OFF-WATCHDOG] Terminato OFF-player orfano PID=35884
[OFF-WATCHDOG] Terminato OFF-player orfano PID=42596
[OFF-WATCHDOG] Terminato OFF-player orfano PID=20272
[OFF-WATCHDOG] Terminato OFF-player orfano PID=35884
[OFF-WATCHDOG] Terminato OFF-player orfano PID=42596
[OFF-WATCHDOG] Terminato OFF-player orfano PID=20272
[OFF-WATCHDOG] Terminato OFF-player orfano PID=35884
[OFF-WATCHDOG] Terminato OFF-player orfano PID=42596
[OFF-WATCHDOG] Terminato OFF-player orfano PID=20272
[OFF-WATCHDOG] Terminato OFF-player orfano PID=35884
[OFF-WATCHDOG] Terminato OFF-player orfano PID=42596
[OFF-WATCHDOG] Terminato OFF-player orfano PID=20272
[OFF-WATCHDOG] Terminato OFF-player orfano PID=35884
[OFF-WATCHDOG] Terminato OFF-player orfano PID=42596
[OFF-WATCHDOG] Terminato OFF-player orfano PID=20272
[OFF-WATCHDOG] Terminato OFF-player orfano PID=35884
[OFF-WATCHDOG] Terminato OFF-player orfano PID=42596
[OFF-WATCHDOG] Terminato OFF-player orfano PID=20272
[OFF-WATCHDOG] Terminato OFF-player orfano PID=35884
[OFF-WATCHDOG] Terminato OFF-player orfano PID=42596
[OFF-WATCHDOG] Terminato OFF-player orfano PID=20272
[OFF-WATCHDOG] Terminato OFF-player orfano PID=35884
[OFF-WATCHDOG] Terminato OFF-player orfano PID=42596
[OFF-WATCHDOG] Terminato OFF-player orfano PID=20272
[OFF-WATCHDOG] Terminato OFF-player orfano PID=35884
[OFF-WATCHDOG] Terminato OFF-player orfano PID=42596
[OFF-WATCHDOG] Terminato OFF-player orfano PID=20272
[OFF-WATCHDOG] Terminato OFF-player orfano PID=35884
[OFF-WATCHDOG] Terminato OFF-player orfano PID=42596
[OFF-WATCHDOG] Terminato OFF-player orfano PID=20272
[OFF-WATCHDOG] Terminato OFF-player orfano PID=35884
[OFF-WATCHDOG] Terminato OFF-player orfano PID=42596
[OFF-WATCHDOG] Terminato OFF-player orfano PID=20272
[OFF-WATCHDOG] Terminato OFF-player orfano PID=35884
[OFF-WATCHDOG] Terminato OFF-player orfano PID=42596
[OFF-WATCHDOG] Terminato OFF-player orfano PID=20272
[OFF-WATCHDOG] Terminato OFF-player orfano PID=35884
[OFF-WATCHDOG] Terminato OFF-player orfano PID=42596
[OFF-WATCHDOG] Terminato OFF-player orfano PID=20272
[OFF-WATCHDOG] Terminato OFF-player orfano PID=35884
[OFF-WATCHDOG] Terminato OFF-player orfano PID=42596
[OFF-WATCHDOG] Terminato OFF-player orfano PID=20272
[OFF-WATCHDOG] Terminato OFF-player orfano PID=35884
[OFF-WATCHDOG] Terminato OFF-player orfano PID=42596
[OFF-WATCHDOG] Terminato OFF-player orfano PID=20272
[OFF-WATCHDOG] Terminato OFF-player orfano PID=35884
[OFF-WATCHDOG] Terminato OFF-player orfano PID=42596
[OFF-WATCHDOG] Terminato OFF-player orfano PID=20272
[OFF-WATCHDOG] Terminato OFF-player orfano PID=35884
[OFF-WATCHDOG] Terminato OFF-player orfano PID=42596
[OFF-WATCHDOG] Terminato OFF-player orfano PID=20272
[OFF-WATCHDOG] Terminato OFF-player orfano PID=35884
[OFF-WATCHDOG] Terminato OFF-player orfano PID=42596
[OFF-WATCHDOG] Terminato OFF-player orfano PID=20272
[OFF-WATCHDOG] Terminato OFF-player orfano PID=35884
[OFF-WATCHDOG] Terminato OFF-player orfano PID=42596
[OFF-WATCHDOG] Terminato OFF-player orfano PID=20272
[OFF-WATCHDOG] Terminato OFF-player orfano PID=35884
[OFF-WATCHDOG] Terminato OFF-player orfano PID=42596
[OFF-WATCHDOG] Terminato OFF-player orfano PID=20272
[OFF-WATCHDOG] Terminato OFF-player orfano PID=35884
[OFF-WATCHDOG] Terminato OFF-player orfano PID=42596
[OFF-WATCHDOG] Terminato OFF-player orfano PID=20272
[OFF-WATCHDOG] Terminato OFF-player orfano PID=35884
[OFF-WATCHDOG] Terminato OFF-player orfano PID=42596
[OFF-WATCHDOG] Terminato OFF-player orfano PID=20272
[OFF-WATCHDOG] Terminato OFF-player orfano PID=35884
[OFF-WATCHDOG] Terminato OFF-player orfano PID=42596
[OFF-WATCHDOG] Terminato OFF-player orfano PID=20272
[OFF-WATCHDOG] Terminato OFF-player orfano PID=35884
[OFF-WATCHDOG] Terminato OFF-player orfano PID=42596
[OFF-WATCHDOG] Terminato OFF-player orfano PID=20272
[OFF-WATCHDOG] Terminato OFF-player orfano PID=35884
[OFF-WATCHDOG] Terminato OFF-player orfano PID=42596
[OFF-WATCHDOG] Terminato OFF-player orfano PID=20272
[OFF-WATCHDOG] Terminato OFF-player orfano PID=35884
[OFF-WATCHDOG] Terminato OFF-player orfano PID=42596
[OFF-WATCHDOG] Terminato OFF-player orfano PID=20272
[OFF-WATCHDOG] Terminato OFF-player orfano PID=35884
[OFF-WATCHDOG] Terminato OFF-player orfano PID=42596
[OFF-WATCHDOG] Terminato OFF-player orfano PID=20272
[OFF-WATCHDOG] Terminato OFF-player orfano PID=35884
[OFF-WATCHDOG] Terminato OFF-player orfano PID=42596
[OFF-WATCHDOG] Terminato OFF-player orfano PID=20272
[OFF-WATCHDOG] Terminato OFF-player orfano PID=35884
[OFF-WATCHDOG] Terminato OFF-player orfano PID=42596
[OFF-WATCHDOG] Terminato OFF-player orfano PID=20272
[OFF-WATCHDOG] Terminato OFF-player orfano PID=35884
[OFF-WATCHDOG] Terminato OFF-player orfano PID=42596
[OFF-WATCHDOG] Terminato OFF-player orfano PID=20272
[OFF-WATCHDOG] Terminato OFF-player orfano PID=35884
[OFF-WATCHDOG] Terminato OFF-player orfano PID=42596
[OFF-WATCHDOG] Terminato OFF-player orfano PID=20272
[OFF-WATCHDOG] Terminato OFF-player orfano PID=35884
[OFF-WATCHDOG] Terminato OFF-player orfano PID=42596
[OFF-WATCHDOG] Terminato OFF-player orfano PID=20272
[OFF-WATCHDOG] Terminato OFF-player orfano PID=35884
[OFF-WATCHDOG] Terminato OFF-player orfano PID=42596
[OFF-WATCHDOG] Terminato OFF-player orfano PID=20272
[OFF-WATCHDOG] Terminato OFF-player orfano PID=35884
[OFF-WATCHDOG] Terminato OFF-player orfano PID=42596
[OFF-WATCHDOG] Terminato OFF-player orfano PID=20272
[OFF-WATCHDOG] Terminato OFF-player orfano PID=35884
[OFF-WATCHDOG] Terminato OFF-player orfano PID=42596
[OFF-WATCHDOG] Terminato OFF-player orfano PID=20272
[OFF-WATCHDOG] Terminato OFF-player orfano PID=35884
[OFF-WATCHDOG] Terminato OFF-player orfano PID=42596
[OFF-WATCHDOG] Terminato OFF-player orfano PID=20272
[OFF-WATCHDOG] Terminato OFF-player orfano PID=35884
[OFF-WATCHDOG] Terminato OFF-player orfano PID=42596
[OFF-WATCHDOG] Terminato OFF-player orfano PID=20272
[OFF-WATCHDOG] Terminato OFF-player orfano PID=35884
[OFF-WATCHDOG] Terminato OFF-player orfano PID=42596
[OFF-WATCHDOG] Terminato OFF-player orfano PID=20272
[OFF-WATCHDOG] Terminato OFF-player orfano PID=35884
[OFF-WATCHDOG] Terminato OFF-player orfano PID=42596
[OFF-WATCHDOG] Terminato OFF-player orfano PID=20272
[OFF-WATCHDOG] Terminato OFF-player orfano PID=35884
[OFF-WATCHDOG] Terminato OFF-player orfano PID=42596
[OFF-WATCHDOG] Terminato OFF-player orfano PID=20272
[OFF-WATCHDOG] Terminato OFF-player orfano PID=35884
[OFF-WATCHDOG] Terminato OFF-player orfano PID=42596
[OFF-WATCHDOG] Terminato OFF-player orfano PID=20272
[OFF-WATCHDOG] Terminato OFF-player orfano PID=35884
[OFF-WATCHDOG] Terminato OFF-player orfano PID=42596
[OFF-WATCHDOG] Terminato OFF-player orfano PID=20272
[OFF-WATCHDOG] Terminato OFF-player orfano PID=35884
[OFF-WATCHDOG] Terminato OFF-player orfano PID=42596
[OFF-WATCHDOG] Terminato OFF-player orfano PID=20272
[OFF-WATCHDOG] Terminato OFF-player orfano PID=35884
[OFF-WATCHDOG] Terminato OFF-player orfano PID=42596
[OFF-WATCHDOG] Terminato OFF-player orfano PID=20272
[OFF-WATCHDOG] Terminato OFF-player orfano PID=35884
[OFF-WATCHDOG] Terminato OFF-player orfano PID=42596
[OFF-WATCHDOG] Terminato OFF-player orfano PID=20272
[OFF-WATCHDOG] Terminato OFF-player orfano PID=35884
[OFF-WATCHDOG] Terminato OFF-player orfano PID=42596
[OFF-WATCHDOG] Terminato OFF-player orfano PID=20272
[OFF-WATCHDOG] Terminato OFF-player orfano PID=35884
[OFF-WATCHDOG] Terminato OFF-player orfano PID=42596
[OFF-WATCHDOG] Terminato OFF-player orfano PID=20272
[OFF-WATCHDOG] Terminato OFF-player orfano PID=35884
[OFF-WATCHDOG] Terminato OFF-player orfano PID=42596
[OFF-WATCHDOG] Terminato OFF-player orfano PID=20272
[OFF-WATCHDOG] Terminato OFF-player orfano PID=35884
[OFF-WATCHDOG] Terminato OFF-player orfano PID=42596
[OFF-WATCHDOG] Terminato OFF-player orfano PID=20272
[OFF-WATCHDOG] Terminato OFF-player orfano PID=35884
[OFF-WATCHDOG] Terminato OFF-player orfano PID=42596
[OFF-WATCHDOG] Terminato OFF-player orfano PID=20272
[OFF-WATCHDOG] Terminato OFF-player orfano PID=35884
[OFF-WATCHDOG] Terminato OFF-player orfano PID=42596
[OFF-WATCHDOG] Terminato OFF-player orfano PID=20272
[OFF-WATCHDOG] Terminato OFF-player orfano PID=35884
[OFF-WATCHDOG] Terminato OFF-player orfano PID=42596
[OFF-WATCHDOG] Terminato OFF-player orfano PID=20272
[OFF-WATCHDOG] Terminato OFF-player orfano PID=35884
[OFF-WATCHDOG] Terminato OFF-player orfano PID=42596
[OFF-WATCHDOG] Terminato OFF-player orfano PID=20272
[OFF-WATCHDOG] Terminato OFF-player orfano PID=35884
[OFF-WATCHDOG] Terminato OFF-player orfano PID=42596
[OFF-WATCHDOG] Terminato OFF-player orfano PID=20272
[OFF-WATCHDOG] Terminato OFF-player orfano PID=35884
[OFF-WATCHDOG] Terminato OFF-player orfano PID=42596
[OFF-WATCHDOG] Terminato OFF-player orfano PID=20272
[OFF-WATCHDOG] Terminato OFF-player orfano PID=35884
[OFF-WATCHDOG] Terminato OFF-player orfano PID=42596
[OFF-WATCHDOG] Terminato OFF-player orfano PID=20272
[OFF-WATCHDOG] Terminato OFF-player orfano PID=35884
[OFF-WATCHDOG] Terminato OFF-player orfano PID=42596
[OFF-WATCHDOG] Terminato OFF-player orfano PID=20272
[OFF-WATCHDOG] Terminato OFF-player orfano PID=35884
[OFF-WATCHDOG] Terminato OFF-player orfano PID=42596
[OFF-WATCHDOG] Terminato OFF-player orfano PID=20272
[OFF-WATCHDOG] Terminato OFF-player orfano PID=35884
[OFF-WATCHDOG] Terminato OFF-player orfano PID=42596
[OFF-WATCHDOG] Terminato OFF-player orfano PID=20272
[OFF-WATCHDOG] Terminato OFF-player orfano PID=35884
[OFF-WATCHDOG] Terminato OFF-player orfano PID=42596
[OFF-WATCHDOG] Terminato OFF-player orfano PID=20272
[OFF-WATCHDOG] Terminato OFF-player orfano PID=35884
[OFF-WATCHDOG] Terminato OFF-player orfano PID=42596
[OFF-WATCHDOG] Terminato OFF-player orfano PID=20272
[OFF-WATCHDOG] Terminato OFF-player orfano PID=35884
[OFF-WATCHDOG] Terminato OFF-player orfano PID=42596
[OFF-WATCHDOG] Terminato OFF-player orfano PID=20272
[OFF-WATCHDOG] Terminato OFF-player orfano PID=35884
[OFF-WATCHDOG] Terminato OFF-player orfano PID=42596
[OFF-WATCHDOG] Terminato OFF-player orfano PID=20272
[OFF-WATCHDOG] Terminato OFF-player orfano PID=35884
[OFF-WATCHDOG] Terminato OFF-player orfano PID=42596
[OFF-WATCHDOG] Terminato OFF-player orfano PID=20272
[OFF-WATCHDOG] Terminato OFF-player orfano PID=35884
[OFF-WATCHDOG] Terminato OFF-player orfano PID=42596
[OFF-WATCHDOG] Terminato OFF-player orfano PID=20272
[OFF-WATCHDOG] Terminato OFF-player orfano PID=35884
[OFF-WATCHDOG] Terminato OFF-player orfano PID=42596
[OFF-WATCHDOG] Terminato OFF-player orfano PID=20272
[OFF-WATCHDOG] Terminato OFF-player orfano PID=35884
[OFF-WATCHDOG] Terminato OFF-player orfano PID=42596
[OFF-WATCHDOG] Terminato OFF-player orfano PID=20272
[OFF-WATCHDOG] Terminato OFF-player orfano PID=35884
[OFF-WATCHDOG] Terminato OFF-player orfano PID=42596
[OFF-WATCHDOG] Terminato OFF-player orfano PID=20272
[OFF-WATCHDOG] Terminato OFF-player orfano PID=35884
[OFF-WATCHDOG] Terminato OFF-player orfano PID=42596
[OFF-WATCHDOG] Terminato OFF-player orfano PID=20272
[OFF-WATCHDOG] Terminato OFF-player orfano PID=35884
[OFF-WATCHDOG] Terminato OFF-player orfano PID=42596
[OFF-WATCHDOG] Terminato OFF-player orfano PID=20272
[OFF-WATCHDOG] Terminato OFF-player orfano PID=35884
[OFF-WATCHDOG] Terminato OFF-player orfano PID=42596
[OFF-WATCHDOG] Terminato OFF-player orfano PID=20272
[OFF-WATCHDOG] Terminato OFF-player orfano PID=35884
[OFF-WATCHDOG] Terminato OFF-player orfano PID=42596
[OFF-WATCHDOG] Terminato OFF-player orfano PID=20272
[OFF-WATCHDOG] Terminato OFF-player orfano PID=35884
[OFF-WATCHDOG] Terminato OFF-player orfano PID=42596
[OFF-WATCHDOG] Terminato OFF-player orfano PID=20272
[OFF-WATCHDOG] Terminato OFF-player orfano PID=35884
[OFF-WATCHDOG] Terminato OFF-player orfano PID=42596
[OFF-WATCHDOG] Terminato OFF-player orfano PID=20272
[OFF-WATCHDOG] Terminato OFF-player orfano PID=35884
[OFF-WATCHDOG] Terminato OFF-player orfano PID=42596
[OFF-WATCHDOG] Terminato OFF-player orfano PID=20272
[OFF-WATCHDOG] Terminato OFF-player orfano PID=35884
[OFF-WATCHDOG] Terminato OFF-player orfano PID=42596
[OFF-WATCHDOG] Terminato OFF-player orfano PID=20272
[OFF-WATCHDOG] Terminato OFF-player orfano PID=35884
[OFF-WATCHDOG] Terminato OFF-player orfano PID=42596
[OFF-WATCHDOG] Terminato OFF-player orfano PID=20272
[OFF-WATCHDOG] Terminato OFF-player orfano PID=35884
[OFF-WATCHDOG] Terminato OFF-player orfano PID=42596
[OFF-WATCHDOG] Terminato OFF-player orfano PID=20272
[OFF-WATCHDOG] Terminato OFF-player orfano PID=35884
[OFF-WATCHDOG] Terminato OFF-player orfano PID=42596
[OFF-WATCHDOG] Terminato OFF-player orfano PID=20272
[OFF-WATCHDOG] Terminato OFF-player orfano PID=35884
[OFF-WATCHDOG] Terminato OFF-player orfano PID=42596
[OFF-WATCHDOG] Terminato OFF-player orfano PID=20272
[OFF-WATCHDOG] Terminato OFF-player orfano PID=35884
[OFF-WATCHDOG] Terminato OFF-player orfano PID=42596
[OFF-WATCHDOG] Terminato OFF-player orfano PID=20272
[OFF-WATCHDOG] Terminato OFF-player orfano PID=35884
[OFF-WATCHDOG] Terminato OFF-player orfano PID=42596
[OFF-WATCHDOG] Terminato OFF-player orfano PID=20272
[OFF-WATCHDOG] Terminato OFF-player orfano PID=35884
[OFF-WATCHDOG] Terminato OFF-player orfano PID=42596
[OFF-WATCHDOG] Terminato OFF-player orfano PID=20272
[OFF-WATCHDOG] Terminato OFF-player orfano PID=35884
[OFF-WATCHDOG] Terminato OFF-player orfano PID=42596
[OFF-WATCHDOG] Terminato OFF-player orfano PID=20272
[OFF-WATCHDOG] Terminato OFF-player orfano PID=35884
[OFF-WATCHDOG] Terminato OFF-player orfano PID=42596
[OFF-WATCHDOG] Terminato OFF-player orfano PID=20272
[OFF-WATCHDOG] Terminato OFF-player orfano PID=35884
[OFF-WATCHDOG] Terminato OFF-player orfano PID=42596
[OFF-WATCHDOG] Terminato OFF-player orfano PID=20272
[OFF-WATCHDOG] Terminato OFF-player orfano PID=35884
[OFF-WATCHDOG] Terminato OFF-player orfano PID=42596
[OFF-WATCHDOG] Terminato OFF-player orfano PID=20272
[OFF-WATCHDOG] Terminato OFF-player orfano PID=35884
[OFF-WATCHDOG] Terminato OFF-player orfano PID=42596
[OFF-WATCHDOG] Terminato OFF-player orfano PID=20272
[OFF-WATCHDOG] Terminato OFF-player orfano PID=35884
[OFF-WATCHDOG] Terminato OFF-player orfano PID=42596
[OFF-WATCHDOG] Terminato OFF-player orfano PID=20272
[OFF-WATCHDOG] Terminato OFF-player orfano PID=35884
[OFF-WATCHDOG] Terminato OFF-player orfano PID=42596
[OFF-WATCHDOG] Terminato OFF-player orfano PID=20272
[OFF-WATCHDOG] Terminato OFF-player orfano PID=35884
[OFF-WATCHDOG] Terminato OFF-player orfano PID=42596
[OFF-WATCHDOG] Terminato OFF-player orfano PID=20272
[OFF-WATCHDOG] Terminato OFF-player orfano PID=35884
[OFF-WATCHDOG] Terminato OFF-player orfano PID=42596
[OFF-WATCHDOG] Terminato OFF-player orfano PID=20272
[OFF-WATCHDOG] Terminato OFF-player orfano PID=35884
[OFF-WATCHDOG] Terminato OFF-player orfano PID=42596
[OFF-WATCHDOG] Terminato OFF-player orfano PID=20272
[OFF-WATCHDOG] Terminato OFF-player orfano PID=35884
[OFF-WATCHDOG] Terminato OFF-player orfano PID=42596
[OFF-WATCHDOG] Terminato OFF-player orfano PID=20272
[OFF-WATCHDOG] Terminato OFF-player orfano PID=35884
[OFF-WATCHDOG] Terminato OFF-player orfano PID=42596
[OFF-WATCHDOG] Terminato OFF-player orfano PID=20272
[OFF-WATCHDOG] Terminato OFF-player orfano PID=35884
[OFF-WATCHDOG] Terminato OFF-player orfano PID=42596
[OFF-WATCHDOG] Terminato OFF-player orfano PID=20272
[OFF-WATCHDOG] Terminato OFF-player orfano PID=35884
[OFF-WATCHDOG] Terminato OFF-player orfano PID=42596
[OFF-WATCHDOG] Terminato OFF-player orfano PID=20272
[OFF-WATCHDOG] Terminato OFF-player orfano PID=35884
[OFF-WATCHDOG] Terminato OFF-player orfano PID=42596
[OFF-WATCHDOG] Terminato OFF-player orfano PID=20272
[OFF-WATCHDOG] Terminato OFF-player orfano PID=35884
[OFF-WATCHDOG] Terminato OFF-player orfano PID=42596
[OFF-WATCHDOG] Terminato OFF-player orfano PID=20272
[OFF-WATCHDOG] Terminato OFF-player orfano PID=35884
[OFF-WATCHDOG] Terminato OFF-player orfano PID=42596
[OFF-WATCHDOG] Terminato OFF-player orfano PID=20272
[OFF-WATCHDOG] Terminato OFF-player orfano PID=35884
[OFF-WATCHDOG] Terminato OFF-player orfano PID=42596
[OFF-WATCHDOG] Terminato OFF-player orfano PID=20272
[OFF-WATCHDOG] Terminato OFF-player orfano PID=35884
[OFF-WATCHDOG] Terminato OFF-player orfano PID=42596
[OFF-WATCHDOG] Terminato OFF-player orfano PID=20272
[OFF-WATCHDOG] Terminato OFF-player orfano PID=35884
[OFF-WATCHDOG] Terminato OFF-player orfano PID=42596
[OFF-WATCHDOG] Terminato OFF-player orfano PID=20272
[OFF-WATCHDOG] Terminato OFF-player orfano PID=35884
[OFF-WATCHDOG] Terminato OFF-player orfano PID=42596
[OFF-WATCHDOG] Terminato OFF-player orfano PID=20272
[OFF-WATCHDOG] Terminato OFF-player orfano PID=35884
[OFF-WATCHDOG] Terminato OFF-player orfano PID=42596
[OFF-WATCHDOG] Terminato OFF-player orfano PID=20272
[OFF-WATCHDOG] Terminato OFF-player orfano PID=35884
[OFF-WATCHDOG] Terminato OFF-player orfano PID=42596
[OFF-WATCHDOG] Terminato OFF-player orfano PID=20272
[OFF-WATCHDOG] Terminato OFF-player orfano PID=35884
[OFF-WATCHDOG] Terminato OFF-player orfano PID=42596
[OFF-WATCHDOG] Terminato OFF-player orfano PID=20272
[OFF-WATCHDOG] Terminato OFF-player orfano PID=35884
[OFF-WATCHDOG] Terminato OFF-player orfano PID=42596
[OFF-WATCHDOG] Terminato OFF-player orfano PID=20272
[OFF-WATCHDOG] Terminato OFF-player orfano PID=35884
[OFF-WATCHDOG] Terminato OFF-player orfano PID=42596
[OFF-WATCHDOG] Terminato OFF-player orfano PID=20272
[OFF-WATCHDOG] Terminato OFF-player orfano PID=35884
[OFF-WATCHDOG] Terminato OFF-player orfano PID=42596
[OFF-WATCHDOG] Terminato OFF-player orfano PID=20272
[OFF-WATCHDOG] Terminato OFF-player orfano PID=35884
[OFF-WATCHDOG] Terminato OFF-player orfano PID=42596
[OFF-WATCHDOG] Terminato OFF-player orfano PID=20272
[OFF-WATCHDOG] Terminato OFF-player orfano PID=35884
[OFF-WATCHDOG] Terminato OFF-player orfano PID=42596
[OFF-WATCHDOG] Terminato OFF-player orfano PID=20272
[OFF-WATCHDOG] Terminato OFF-player orfano PID=35884
[OFF-WATCHDOG] Terminato OFF-player orfano PID=42596
[OFF-WATCHDOG] Terminato OFF-player orfano PID=20272
[OFF-WATCHDOG] Terminato OFF-player orfano PID=35884
[OFF-WATCHDOG] Terminato OFF-player orfano PID=42596
[OFF-WATCHDOG] Terminato OFF-player orfano PID=20272
[OFF-WATCHDOG] Terminato OFF-player orfano PID=35884
[OFF-WATCHDOG] Terminato OFF-player orfano PID=42596
[OFF-WATCHDOG] Terminato OFF-player orfano PID=20272
[OFF-WATCHDOG] Terminato OFF-player orfano PID=35884
[OFF-WATCHDOG] Terminato OFF-player orfano PID=42596
[OFF-WATCHDOG] Terminato OFF-player orfano PID=20272
[OFF-WATCHDOG] Terminato OFF-player orfano PID=35884
[OFF-WATCHDOG] Terminato OFF-player orfano PID=42596
[OFF-WATCHDOG] Terminato OFF-player orfano PID=20272
[OFF-WATCHDOG] Terminato OFF-player orfano PID=35884
[OFF-WATCHDOG] Terminato OFF-player orfano PID=42596
[OFF-WATCHDOG] Terminato OFF-player orfano PID=20272
[OFF-WATCHDOG] Terminato OFF-player orfano PID=35884
[OFF-WATCHDOG] Terminato OFF-player orfano PID=42596
[OFF-WATCHDOG] Terminato OFF-player orfano PID=20272
[OFF-WATCHDOG] Terminato OFF-player orfano PID=35884
[OFF-WATCHDOG] Terminato OFF-player orfano PID=42596
[OFF-WATCHDOG] Terminato OFF-player orfano PID=20272
[OFF-WATCHDOG] Terminato OFF-player orfano PID=35884
[OFF-WATCHDOG] Terminato OFF-player orfano PID=42596
[OFF-WATCHDOG] Terminato OFF-player orfano PID=20272
[OFF-WATCHDOG] Terminato OFF-player orfano PID=35884
[OFF-WATCHDOG] Terminato OFF-player orfano PID=42596
[OFF-WATCHDOG] Terminato OFF-player orfano PID=20272
[OFF-WATCHDOG] Terminato OFF-player orfano PID=35884
[OFF-WATCHDOG] Terminato OFF-player orfano PID=42596
[OFF-WATCHDOG] Terminato OFF-player orfano PID=20272
[OFF-WATCHDOG] Terminato OFF-player orfano PID=35884
[OFF-WATCHDOG] Terminato OFF-player orfano PID=42596
[OFF-WATCHDOG] Terminato OFF-player orfano PID=20272
[OFF-WATCHDOG] Terminato OFF-player orfano PID=35884
[OFF-WATCHDOG] Terminato OFF-player orfano PID=42596
[OFF-WATCHDOG] Terminato OFF-player orfano PID=20272
[OFF-WATCHDOG] Terminato OFF-player orfano PID=35884
[OFF-WATCHDOG] Terminato OFF-player orfano PID=42596
[OFF-WATCHDOG] Terminato OFF-player orfano PID=20272
[OFF-WATCHDOG] Terminato OFF-player orfano PID=35884
[OFF-WATCHDOG] Terminato OFF-player orfano PID=42596
[OFF-WATCHDOG] Terminato OFF-player orfano PID=20272
[OFF-WATCHDOG] Terminato OFF-player orfano PID=35884
[OFF-WATCHDOG] Terminato OFF-player orfano PID=42596
[OFF-WATCHDOG] Terminato OFF-player orfano PID=20272
[OFF-WATCHDOG] Terminato OFF-player orfano PID=35884
[OFF-WATCHDOG] Terminato OFF-player orfano PID=42596
[OFF-WATCHDOG] Terminato OFF-player orfano PID=20272
[OFF-WATCHDOG] Terminato OFF-player orfano PID=35884
[OFF-WATCHDOG] Terminato OFF-player orfano PID=42596
[OFF-WATCHDOG] Terminato OFF-player orfano PID=20272
[OFF-WATCHDOG] Terminato OFF-player orfano PID=35884
[OFF-WATCHDOG] Terminato OFF-player orfano PID=42596
[OFF-WATCHDOG] Terminato OFF-player orfano PID=20272
[OFF-WATCHDOG] Terminato OFF-player orfano PID=35884
[OFF-WATCHDOG] Terminato OFF-player orfano PID=42596
[OFF-WATCHDOG] Terminato OFF-player orfano PID=20272
[OFF-WATCHDOG] Terminato OFF-player orfano PID=35884
[OFF-WATCHDOG] Terminato OFF-player orfano PID=42596
[OFF-WATCHDOG] Terminato OFF-player orfano PID=20272
[OFF-WATCHDOG] Terminato OFF-player orfano PID=35884
[OFF-WATCHDOG] Terminato OFF-player orfano PID=42596
[OFF-WATCHDOG] Terminato OFF-player orfano PID=20272
[OFF-WATCHDOG] Terminato OFF-player orfano PID=35884
[OFF-WATCHDOG] Terminato OFF-player orfano PID=42596
[OFF-WATCHDOG] Terminato OFF-player orfano PID=20272
[OFF-WATCHDOG] Terminato OFF-player orfano PID=35884
[OFF-WATCHDOG] Terminato OFF-player orfano PID=42596
[OFF-WATCHDOG] Terminato OFF-player orfano PID=20272
[OFF-WATCHDOG] Terminato OFF-player orfano PID=35884
[OFF-WATCHDOG] Terminato OFF-player orfano PID=42596
[OFF-WATCHDOG] Terminato OFF-player orfano PID=20272
[OFF-WATCHDOG] Terminato OFF-player orfano PID=35884
[OFF-WATCHDOG] Terminato OFF-player orfano PID=42596
[OFF-WATCHDOG] Terminato OFF-player orfano PID=20272
[OFF-WATCHDOG] Terminato OFF-player orfano PID=35884
[OFF-WATCHDOG] Terminato OFF-player orfano PID=42596
[OFF-WATCHDOG] Terminato OFF-player orfano PID=20272
[OFF-WATCHDOG] Terminato OFF-player orfano PID=35884
[OFF-WATCHDOG] Terminato OFF-player orfano PID=42596
[OFF-WATCHDOG] Terminato OFF-player orfano PID=20272
[OFF-WATCHDOG] Terminato OFF-player orfano PID=35884
[OFF-WATCHDOG] Terminato OFF-player orfano PID=42596
[OFF-WATCHDOG] Terminato OFF-player orfano PID=20272
[OFF-WATCHDOG] Terminato OFF-player orfano PID=35884
[OFF-WATCHDOG] Terminato OFF-player orfano PID=42596
[OFF-WATCHDOG] Terminato OFF-player orfano PID=20272
[OFF-WATCHDOG] Terminato OFF-player orfano PID=35884
[OFF-WATCHDOG] Terminato OFF-player orfano PID=42596
[OFF-WATCHDOG] Terminato OFF-player orfano PID=20272
[OFF-WATCHDOG] Terminato OFF-player orfano PID=35884
[OFF-WATCHDOG] Terminato OFF-player orfano PID=42596
[OFF-WATCHDOG] Terminato OFF-player orfano PID=20272
[OFF-WATCHDOG] Terminato OFF-player orfano PID=35884
[OFF-WATCHDOG] Terminato OFF-player orfano PID=42596
[OFF-WATCHDOG] Terminato OFF-player orfano PID=20272
[OFF-WATCHDOG] Terminato OFF-player orfano PID=35884
[OFF-WATCHDOG] Terminato OFF-player orfano PID=42596
[OFF-WATCHDOG] Terminato OFF-player orfano PID=20272
[OFF-WATCHDOG] Terminato OFF-player orfano PID=35884
[OFF-WATCHDOG] Terminato OFF-player orfano PID=42596
[OFF-WATCHDOG] Terminato OFF-player orfano PID=20272
[OFF-WATCHDOG] Terminato OFF-player orfano PID=35884
[OFF-WATCHDOG] Terminato OFF-player orfano PID=42596
[OFF-WATCHDOG] Terminato OFF-player orfano PID=20272
[OFF-WATCHDOG] Terminato OFF-player orfano PID=35884
[OFF-WATCHDOG] Terminato OFF-player orfano PID=42596
[OFF-WATCHDOG] Terminato OFF-player orfano PID=20272
[OFF-WATCHDOG] Terminato OFF-player orfano PID=35884
[OFF-WATCHDOG] Terminato OFF-player orfano PID=42596
[OFF-WATCHDOG] Terminato OFF-player orfano PID=20272
[OFF-WATCHDOG] Terminato OFF-player orfano PID=35884
[OFF-WATCHDOG] Terminato OFF-player orfano PID=42596
2025-11-19 14:28:01,564 [INFO] uvicorn.access: 127.0.0.1:52431 - "GET /logs/off?lines=200 HTTP/1.1" 200
[OFF-WATCHDOG] Terminato OFF-player orfano PID=20272
[OFF-WATCHDOG] Terminato OFF-player orfano PID=35884
[OFF-WATCHDOG] Terminato OFF-player orfano PID=42596
[OFF-WATCHDOG] Terminato OFF-player orfano PID=20272
[OFF-WATCHDOG] Terminato OFF-player orfano PID=35884
[OFF-WATCHDOG] Terminato OFF-player orfano PID=42596
[OFF-WATCHDOG] Terminato OFF-player orfano PID=20272
[OFF-WATCHDOG] Terminato OFF-player orfano PID=35884
[OFF-WATCHDOG] Terminato OFF-player orfano PID=42596
[OFF-WATCHDOG] Terminato OFF-player orfano PID=20272
[OFF-WATCHDOG] Terminato OFF-player orfano PID=35884
[OFF-WATCHDOG] Terminato OFF-player orfano PID=42596
[OFF-WATCHDOG] Terminato OFF-player orfano PID=20272
[OFF-WATCHDOG] Terminato OFF-player orfano PID=35884
[OFF-WATCHDOG] Terminato OFF-player orfano PID=42596
2025-11-19 14:31:45,743 [INFO] uvicorn.access: 127.0.0.1:52554 - "GET /logs/off?lines=200 HTTP/1.1" 200
[OFF-WATCHDOG] Terminato OFF-player orfano PID=20272
[OFF-WATCHDOG] Terminato OFF-player orfano PID=35884
[OFF-WATCHDOG] Terminato OFF-player orfano PID=42596
[OFF-WATCHDOG] Terminato OFF-player orfano PID=20272
[OFF-WATCHDOG] Terminato OFF-player orfano PID=35884
[OFF-WATCHDOG] Terminato OFF-player orfano PID=42596
[OFF-WATCHDOG] Terminato OFF-player orfano PID=20272
[OFF-WATCHDOG] Terminato OFF-player orfano PID=35884
[OFF-WATCHDOG] Terminato OFF-player orfano PID=42596
[OFF-WATCHDOG] Terminato OFF-player orfano PID=20272
[OFF-WATCHDOG] Terminato OFF-player orfano PID=35884
[OFF-WATCHDOG] Terminato OFF-player orfano PID=42596
[OFF-WATCHDOG] Terminato OFF-player orfano PID=20272
[OFF-WATCHDOG] Terminato OFF-player orfano PID=35884
[OFF-WATCHDOG] Terminato OFF-player orfano PID=42596
[OFF-WATCHDOG] Terminato OFF-player orfano PID=20272
[OFF-WATCHDOG] Terminato OFF-player orfano PID=35884
[OFF-WATCHDOG] Terminato OFF-player orfano PID=42596
[OFF-WATCHDOG] Terminato OFF-player orfano PID=20272
[OFF-WATCHDOG] Terminato OFF-player orfano PID=35884
[OFF-WATCHDOG] Terminato OFF-player orfano PID=42596
[OFF-WATCHDOG] Terminato OFF-player orfano PID=20272
[OFF-WATCHDOG] Terminato OFF-player orfano PID=35884
[OFF-WATCHDOG] Terminato OFF-player orfano PID=42596
[OFF-WATCHDOG] Terminato OFF-player orfano PID=20272
[OFF-WATCHDOG] Terminato OFF-player orfano PID=35884
[OFF-WATCHDOG] Terminato OFF-player orfano PID=42596
[OFF-WATCHDOG] Terminato OFF-player orfano PID=20272
[OFF-WATCHDOG] Terminato OFF-player orfano PID=35884
[OFF-WATCHDOG] Terminato OFF-player orfano PID=42596
[OFF-WATCHDOG] Terminato OFF-player orfano PID=20272
[OFF-WATCHDOG] Terminato OFF-player orfano PID=35884
[OFF-WATCHDOG] Terminato OFF-player orfano PID=42596
[OFF-WATCHDOG] Terminato OFF-player orfano PID=20272
[OFF-WATCHDOG] Terminato OFF-player orfano PID=35884
[OFF-WATCHDOG] Terminato OFF-player orfano PID=42596
[OFF-WATCHDOG] Terminato OFF-player orfano PID=20272
[OFF-WATCHDOG] Terminato OFF-player orfano PID=35884
[OFF-WATCHDOG] Terminato OFF-player orfano PID=42596
[OFF-WATCHDOG] Terminato OFF-player orfano PID=20272
[OFF-WATCHDOG] Terminato OFF-player orfano PID=35884
[OFF-WATCHDOG] Terminato OFF-player orfano PID=42596
[OFF-WATCHDOG] Terminato OFF-player orfano PID=20272
[OFF-WATCHDOG] Terminato OFF-player orfano PID=35884
[OFF-WATCHDOG] Terminato OFF-player orfano PID=42596
[OFF-WATCHDOG] Terminato OFF-player orfano PID=20272
[OFF-WATCHDOG] Terminato OFF-player orfano PID=35884
[OFF-WATCHDOG] Terminato OFF-player orfano PID=42596
[OFF-WATCHDOG] Terminato OFF-player orfano PID=20272
[OFF-WATCHDOG] Terminato OFF-player orfano PID=35884
[OFF-WATCHDOG] Terminato OFF-player orfano PID=42596
[OFF-WATCHDOG] Terminato OFF-player orfano PID=20272
[OFF-WATCHDOG] Terminato OFF-player orfano PID=35884
[OFF-WATCHDOG] Terminato OFF-player orfano PID=42596
2025-11-19 14:45:49,980 [INFO] uvicorn.access: 127.0.0.1:52794 - "GET /logs/off?lines=200 HTTP/1.1" 200
[OFF-WATCHDOG] Terminato OFF-player orfano PID=20272
[OFF-WATCHDOG] Terminato OFF-player orfano PID=35884
[OFF-WATCHDOG] Terminato OFF-player orfano PID=42596
[OFF-WATCHDOG] Terminato OFF-player orfano PID=20272
[OFF-WATCHDOG] Terminato OFF-player orfano PID=35884
[OFF-WATCHDOG] Terminato OFF-player orfano PID=42596
[OFF-WATCHDOG] Terminato OFF-player orfano PID=20272
[OFF-WATCHDOG] Terminato OFF-player orfano PID=35884
[OFF-WATCHDOG] Terminato OFF-player orfano PID=42596
[OFF-WATCHDOG] Terminato OFF-player orfano PID=20272
[OFF-WATCHDOG] Terminato OFF-player orfano PID=35884
[OFF-WATCHDOG] Terminato OFF-player orfano PID=42596
[OFF-WATCHDOG] Terminato OFF-player orfano PID=20272
[OFF-WATCHDOG] Terminato OFF-player orfano PID=35884
[OFF-WATCHDOG] Terminato OFF-player orfano PID=42596
[OFF-WATCHDOG] Terminato OFF-player orfano PID=20272
[OFF-WATCHDOG] Terminato OFF-player orfano PID=35884
[OFF-WATCHDOG] Terminato OFF-player orfano PID=42596
[OFF-WATCHDOG] Terminato OFF-player orfano PID=20272
[OFF-WATCHDOG] Terminato OFF-player orfano PID=35884
[OFF-WATCHDOG] Terminato OFF-player orfano PID=42596
[OFF-WATCHDOG] Terminato OFF-player orfano PID=20272
[OFF-WATCHDOG] Terminato OFF-player orfano PID=35884
[OFF-WATCHDOG] Terminato OFF-player orfano PID=42596
[OFF-WATCHDOG] Terminato OFF-player orfano PID=20272
[OFF-WATCHDOG] Terminato OFF-player orfano PID=35884
[OFF-WATCHDOG] Terminato OFF-player orfano PID=42596
[OFF-WATCHDOG] Terminato OFF-player orfano PID=20272
[OFF-WATCHDOG] Terminato OFF-player orfano PID=35884
[OFF-WATCHDOG] Terminato OFF-player orfano PID=42596
[OFF-WATCHDOG] Terminato OFF-player orfano PID=20272
[OFF-WATCHDOG] Terminato OFF-player orfano PID=35884
[OFF-WATCHDOG] Terminato OFF-player orfano PID=42596
[OFF-WATCHDOG] Terminato OFF-player orfano PID=20272
[OFF-WATCHDOG] Terminato OFF-player orfano PID=35884
[OFF-WATCHDOG] Terminato OFF-player orfano PID=42596
[OFF-WATCHDOG] Terminato OFF-player orfano PID=20272
[OFF-WATCHDOG] Terminato OFF-player orfano PID=35884
[OFF-WATCHDOG] Terminato OFF-player orfano PID=42596
[OFF-WATCHDOG] Terminato OFF-player orfano PID=20272
[OFF-WATCHDOG] Terminato OFF-player orfano PID=35884
[OFF-WATCHDOG] Terminato OFF-player orfano PID=42596
[OFF-WATCHDOG] Terminato OFF-player orfano PID=20272
[OFF-WATCHDOG] Terminato OFF-player orfano PID=35884
[OFF-WATCHDOG] Terminato OFF-player orfano PID=42596
[OFF-WATCHDOG] Terminato OFF-player orfano PID=20272
[OFF-WATCHDOG] Terminato OFF-player orfano PID=35884
[OFF-WATCHDOG] Terminato OFF-player orfano PID=42596
[OFF-WATCHDOG] Terminato OFF-player orfano PID=20272
[OFF-WATCHDOG] Terminato OFF-player orfano PID=35884
[OFF-WATCHDOG] Terminato OFF-player orfano PID=42596
[OFF-WATCHDOG] Terminato OFF-player orfano PID=20272
[OFF-WATCHDOG] Terminato OFF-player orfano PID=35884
[OFF-WATCHDOG] Terminato OFF-player orfano PID=42596
[OFF-WATCHDOG] Terminato OFF-player orfano PID=20272
[OFF-WATCHDOG] Terminato OFF-player orfano PID=35884
[OFF-WATCHDOG] Terminato OFF-player orfano PID=42596
[OFF-WATCHDOG] Terminato OFF-player orfano PID=20272
[OFF-WATCHDOG] Terminato OFF-player orfano PID=35884
[OFF-WATCHDOG] Terminato OFF-player orfano PID=42596
[OFF-WATCHDOG] Terminato OFF-player orfano PID=20272
[OFF-WATCHDOG] Terminato OFF-player orfano PID=35884
[OFF-WATCHDOG] Terminato OFF-player orfano PID=42596
[OFF-WATCHDOG] Terminato OFF-player orfano PID=20272
[OFF-WATCHDOG] Terminato OFF-player orfano PID=35884
[OFF-WATCHDOG] Terminato OFF-player orfano PID=42596
[OFF-WATCHDOG] Terminato OFF-player orfano PID=20272
[OFF-WATCHDOG] Terminato OFF-player orfano PID=35884
[OFF-WATCHDOG] Terminato OFF-player orfano PID=42596
[OFF-WATCHDOG] Terminato OFF-player orfano PID=20272
[OFF-WATCHDOG] Terminato OFF-player orfano PID=35884
[OFF-WATCHDOG] Terminato OFF-player orfano PID=42596
[OFF-WATCHDOG] Terminato OFF-player orfano PID=20272
[OFF-WATCHDOG] Terminato OFF-player orfano PID=35884
[OFF-WATCHDOG] Terminato OFF-player orfano PID=42596
[OFF-WATCHDOG] Terminato OFF-player orfano PID=20272
[OFF-WATCHDOG] Terminato OFF-player orfano PID=35884
[OFF-WATCHDOG] Terminato OFF-player orfano PID=42596
[OFF-WATCHDOG] Terminato OFF-player orfano PID=20272
[OFF-WATCHDOG] Terminato OFF-player orfano PID=35884
[OFF-WATCHDOG] Terminato OFF-player orfano PID=42596
[OFF-WATCHDOG] Terminato OFF-player orfano PID=20272
[OFF-WATCHDOG] Terminato OFF-player orfano PID=35884
[OFF-WATCHDOG] Terminato OFF-player orfano PID=42596
[OFF-WATCHDOG] Terminato OFF-player orfano PID=20272
[OFF-WATCHDOG] Terminato OFF-player orfano PID=35884
[OFF-WATCHDOG] Terminato OFF-player orfano PID=42596
[OFF-WATCHDOG] Terminato OFF-player orfano PID=20272
[OFF-WATCHDOG] Terminato OFF-player orfano PID=35884
[OFF-WATCHDOG] Terminato OFF-player orfano PID=42596
[OFF-WATCHDOG] Terminato OFF-player orfano PID=20272
[OFF-WATCHDOG] Terminato OFF-player orfano PID=35884
[OFF-WATCHDOG] Terminato OFF-player orfano PID=42596
[OFF-WATCHDOG] Terminato OFF-player orfano PID=20272
[OFF-WATCHDOG] Terminato OFF-player orfano PID=35884
[OFF-WATCHDOG] Terminato OFF-player orfano PID=42596
[OFF-WATCHDOG] Terminato OFF-player orfano PID=20272
[OFF-WATCHDOG] Terminato OFF-player orfano PID=35884
[OFF-WATCHDOG] Terminato OFF-player orfano PID=42596
[OFF-WATCHDOG] Terminato OFF-player orfano PID=20272
[OFF-WATCHDOG] Terminato OFF-player orfano PID=35884
[OFF-WATCHDOG] Terminato OFF-player orfano PID=42596
[OFF-WATCHDOG] Terminato OFF-player orfano PID=20272
[OFF-WATCHDOG] Terminato OFF-player orfano PID=35884
[OFF-WATCHDOG] Terminato OFF-player orfano PID=42596
[OFF-WATCHDOG] Terminato OFF-player orfano PID=20272
[OFF-WATCHDOG] Terminato OFF-player orfano PID=35884
[OFF-WATCHDOG] Terminato OFF-player orfano PID=42596
[OFF-WATCHDOG] Terminato OFF-player orfano PID=20272
[OFF-WATCHDOG] Terminato OFF-player orfano PID=35884
[OFF-WATCHDOG] Terminato OFF-player orfano PID=42596
[OFF-WATCHDOG] Terminato OFF-player orfano PID=20272
[OFF-WATCHDOG] Terminato OFF-player orfano PID=35884
[OFF-WATCHDOG] Terminato OFF-player orfano PID=42596
[OFF-WATCHDOG] Terminato OFF-player orfano PID=20272
[OFF-WATCHDOG] Terminato OFF-player orfano PID=35884
[OFF-WATCHDOG] Terminato OFF-player orfano PID=42596
[OFF-WATCHDOG] Terminato OFF-player orfano PID=20272
[OFF-WATCHDOG] Terminato OFF-player orfano PID=35884
[OFF-WATCHDOG] Terminato OFF-player orfano PID=42596
[OFF-WATCHDOG] Terminato OFF-player orfano PID=20272
[OFF-WATCHDOG] Terminato OFF-player orfano PID=35884
[OFF-WATCHDOG] Terminato OFF-player orfano PID=42596
[OFF-WATCHDOG] Terminato OFF-player orfano PID=20272
[OFF-WATCHDOG] Terminato OFF-player orfano PID=35884
[OFF-WATCHDOG] Terminato OFF-player orfano PID=42596
[OFF-WATCHDOG] Terminato OFF-player orfano PID=20272
[OFF-WATCHDOG] Terminato OFF-player orfano PID=35884
[OFF-WATCHDOG] Terminato OFF-player orfano PID=42596
[OFF-WATCHDOG] Terminato OFF-player orfano PID=20272
[OFF-WATCHDOG] Terminato OFF-player orfano PID=35884
[OFF-WATCHDOG] Terminato OFF-player orfano PID=42596
[OFF-WATCHDOG] Terminato OFF-player orfano PID=20272
[OFF-WATCHDOG] Terminato OFF-player orfano PID=35884
[OFF-WATCHDOG] Terminato OFF-player orfano PID=42596
[OFF-WATCHDOG] Terminato OFF-player orfano PID=20272
[OFF-WATCHDOG] Terminato OFF-player orfano PID=35884
[OFF-WATCHDOG] Terminato OFF-player orfano PID=42596
[OFF-WATCHDOG] Terminato OFF-player orfano PID=20272
[OFF-WATCHDOG] Terminato OFF-player orfano PID=35884
[OFF-WATCHDOG] Terminato OFF-player orfano PID=42596
[OFF-WATCHDOG] Terminato OFF-player orfano PID=20272
[OFF-WATCHDOG] Terminato OFF-player orfano PID=35884
[OFF-WATCHDOG] Terminato OFF-player orfano PID=42596
[OFF-WATCHDOG] Terminato OFF-player orfano PID=20272
[OFF-WATCHDOG] Terminato OFF-player orfano PID=35884
[OFF-WATCHDOG] Terminato OFF-player orfano PID=42596
[OFF-WATCHDOG] Terminato OFF-player orfano PID=20272
[OFF-WATCHDOG] Terminato OFF-player orfano PID=35884
[OFF-WATCHDOG] Terminato OFF-player orfano PID=42596
[OFF-WATCHDOG] Terminato OFF-player orfano PID=20272
[OFF-WATCHDOG] Terminato OFF-player orfano PID=35884
[OFF-WATCHDOG] Terminato OFF-player orfano PID=42596
[OFF-WATCHDOG] Terminato OFF-player orfano PID=20272
[OFF-WATCHDOG] Terminato OFF-player orfano PID=35884
[OFF-WATCHDOG] Terminato OFF-player orfano PID=42596
[OFF-WATCHDOG] Terminato OFF-player orfano PID=20272
[OFF-WATCHDOG] Terminato OFF-player orfano PID=35884
[OFF-WATCHDOG] Terminato OFF-player orfano PID=42596
[OFF-WATCHDOG] Terminato OFF-player orfano PID=20272
[OFF-WATCHDOG] Terminato OFF-player orfano PID=35884
[OFF-WATCHDOG] Terminato OFF-player orfano PID=42596
[OFF-WATCHDOG] Terminato OFF-player orfano PID=20272
[OFF-WATCHDOG] Terminato OFF-player orfano PID=35884
[OFF-WATCHDOG] Terminato OFF-player orfano PID=42596
[OFF-WATCHDOG] Terminato OFF-player orfano PID=20272
[OFF-WATCHDOG] Terminato OFF-player orfano PID=35884
[OFF-WATCHDOG] Terminato OFF-player orfano PID=42596
[OFF-WATCHDOG] Terminato OFF-player orfano PID=20272
[OFF-WATCHDOG] Terminato OFF-player orfano PID=35884
[OFF-WATCHDOG] Terminato OFF-player orfano PID=42596
[OFF-WATCHDOG] Terminato OFF-player orfano PID=20272
[OFF-WATCHDOG] Terminato OFF-player orfano PID=35884
[OFF-WATCHDOG] Terminato OFF-player orfano PID=42596
[OFF-WATCHDOG] Terminato OFF-player orfano PID=20272
[OFF-WATCHDOG] Terminato OFF-player orfano PID=35884
[OFF-WATCHDOG] Terminato OFF-player orfano PID=42596
[OFF-WATCHDOG] Terminato OFF-player orfano PID=20272
[OFF-WATCHDOG] Terminato OFF-player orfano PID=35884
[OFF-WATCHDOG] Terminato OFF-player orfano PID=42596
[OFF-WATCHDOG] Terminato OFF-player orfano PID=20272
[OFF-WATCHDOG] Terminato OFF-player orfano PID=35884
[OFF-WATCHDOG] Terminato OFF-player orfano PID=42596
[OFF-WATCHDOG] Terminato OFF-player orfano PID=20272
[OFF-WATCHDOG] Terminato OFF-player orfano PID=35884
[OFF-WATCHDOG] Terminato OFF-player orfano PID=42596
[OFF-WATCHDOG] Terminato OFF-player orfano PID=20272
[OFF-WATCHDOG] Terminato OFF-player orfano PID=35884
[OFF-WATCHDOG] Terminato OFF-player orfano PID=42596
[OFF-WATCHDOG] Terminato OFF-player orfano PID=20272
[OFF-WATCHDOG] Terminato OFF-player orfano PID=35884
[OFF-WATCHDOG] Terminato OFF-player orfano PID=42596
[OFF-WATCHDOG] Terminato OFF-player orfano PID=20272
[OFF-WATCHDOG] Terminato OFF-player orfano PID=35884
[OFF-WATCHDOG] Terminato OFF-player orfano PID=42596
[OFF-WATCHDOG] Terminato OFF-player orfano PID=20272
[OFF-WATCHDOG] Terminato OFF-player orfano PID=35884
[OFF-WATCHDOG] Terminato OFF-player orfano PID=42596
[OFF-WATCHDOG] Terminato OFF-player orfano PID=20272
[OFF-WATCHDOG] Terminato OFF-player orfano PID=35884
[OFF-WATCHDOG] Terminato OFF-player orfano PID=42596
[OFF-WATCHDOG] Terminato OFF-player orfano PID=20272
[OFF-WATCHDOG] Terminato OFF-player orfano PID=35884
[OFF-WATCHDOG] Terminato OFF-player orfano PID=42596
[OFF-WATCHDOG] Terminato OFF-player orfano PID=20272
[OFF-WATCHDOG] Terminato OFF-player orfano PID=35884
[OFF-WATCHDOG] Terminato OFF-player orfano PID=42596
[OFF-WATCHDOG] Terminato OFF-player orfano PID=20272
[OFF-WATCHDOG] Terminato OFF-player orfano PID=35884
[OFF-WATCHDOG] Terminato OFF-player orfano PID=42596
[OFF-WATCHDOG] Terminato OFF-player orfano PID=20272
[OFF-WATCHDOG] Terminato OFF-player orfano PID=35884
[OFF-WATCHDOG] Terminato OFF-player orfano PID=42596
[OFF-WATCHDOG] Terminato OFF-player orfano PID=20272
[OFF-WATCHDOG] Terminato OFF-player orfano PID=35884
[OFF-WATCHDOG] Terminato OFF-player orfano PID=42596
[OFF-WATCHDOG] Terminato OFF-player orfano PID=20272
[OFF-WATCHDOG] Terminato OFF-player orfano PID=35884
[OFF-WATCHDOG] Terminato OFF-player orfano PID=42596
[OFF-WATCHDOG] Terminato OFF-player orfano PID=20272
[OFF-WATCHDOG] Terminato OFF-player orfano PID=35884
[OFF-WATCHDOG] Terminato OFF-player orfano PID=42596
[OFF-WATCHDOG] Terminato OFF-player orfano PID=20272
[OFF-WATCHDOG] Terminato OFF-player orfano PID=35884
[OFF-WATCHDOG] Terminato OFF-player orfano PID=42596
[OFF-WATCHDOG] Terminato OFF-player orfano PID=20272
[OFF-WATCHDOG] Terminato OFF-player orfano PID=35884
[OFF-WATCHDOG] Terminato OFF-player orfano PID=42596
[OFF-WATCHDOG] Terminato OFF-player orfano PID=20272
[OFF-WATCHDOG] Terminato OFF-player orfano PID=35884
[OFF-WATCHDOG] Terminato OFF-player orfano PID=42596
[OFF-WATCHDOG] Terminato OFF-player orfano PID=20272
[OFF-WATCHDOG] Terminato OFF-player orfano PID=35884
[OFF-WATCHDOG] Terminato OFF-player orfano PID=42596
[OFF-WATCHDOG] Terminato OFF-player orfano PID=20272
[OFF-WATCHDOG] Terminato OFF-player orfano PID=35884
[OFF-WATCHDOG] Terminato OFF-player orfano PID=42596
[OFF-WATCHDOG] Terminato OFF-player orfano PID=20272
[OFF-WATCHDOG] Terminato OFF-player orfano PID=35884
[OFF-WATCHDOG] Terminato OFF-player orfano PID=42596
[OFF-WATCHDOG] Terminato OFF-player orfano PID=20272
[OFF-WATCHDOG] Terminato OFF-player orfano PID=35884
[OFF-WATCHDOG] Terminato OFF-player orfano PID=42596
[OFF-WATCHDOG] Terminato OFF-player orfano PID=20272
[OFF-WATCHDOG] Terminato OFF-player orfano PID=35884
[OFF-WATCHDOG] Terminato OFF-player orfano PID=42596
[OFF-WATCHDOG] Terminato OFF-player orfano PID=20272
[OFF-WATCHDOG] Terminato OFF-player orfano PID=35884
[OFF-WATCHDOG] Terminato OFF-player orfano PID=42596
[OFF-WATCHDOG] Terminato OFF-player orfano PID=20272
[OFF-WATCHDOG] Terminato OFF-player orfano PID=35884
[OFF-WATCHDOG] Terminato OFF-player orfano PID=42596
[OFF-WATCHDOG] Terminato OFF-player orfano PID=20272
[OFF-WATCHDOG] Terminato OFF-player orfano PID=35884
[OFF-WATCHDOG] Terminato OFF-player orfano PID=42596
[OFF-WATCHDOG] Terminato OFF-player orfano PID=20272
[OFF-WATCHDOG] Terminato OFF-player orfano PID=35884
[OFF-WATCHDOG] Terminato OFF-player orfano PID=42596
[OFF-WATCHDOG] Terminato OFF-player orfano PID=20272
[OFF-WATCHDOG] Terminato OFF-player orfano PID=35884
[OFF-WATCHDOG] Terminato OFF-player orfano PID=42596
[OFF-WATCHDOG] Terminato OFF-player orfano PID=20272
[OFF-WATCHDOG] Terminato OFF-player orfano PID=35884
[OFF-WATCHDOG] Terminato OFF-player orfano PID=42596
[OFF-WATCHDOG] Terminato OFF-player orfano PID=20272
[OFF-WATCHDOG] Terminato OFF-player orfano PID=35884
[OFF-WATCHDOG] Terminato OFF-player orfano PID=42596
[OFF-WATCHDOG] Terminato OFF-player orfano PID=20272
[OFF-WATCHDOG] Terminato OFF-player orfano PID=35884
[OFF-WATCHDOG] Terminato OFF-player orfano PID=42596
[OFF-WATCHDOG] Terminato OFF-player orfano PID=20272
[OFF-WATCHDOG] Terminato OFF-player orfano PID=35884
[OFF-WATCHDOG] Terminato OFF-player orfano PID=42596
[OFF-WATCHDOG] Terminato OFF-player orfano PID=20272
[OFF-WATCHDOG] Terminato OFF-player orfano PID=35884
[OFF-WATCHDOG] Terminato OFF-player orfano PID=42596
[OFF-WATCHDOG] Terminato OFF-player orfano PID=20272
[OFF-WATCHDOG] Terminato OFF-player orfano PID=35884
[OFF-WATCHDOG] Terminato OFF-player orfano PID=42596
[OFF-WATCHDOG] Terminato OFF-player orfano PID=20272
[OFF-WATCHDOG] Terminato OFF-player orfano PID=35884
[OFF-WATCHDOG] Terminato OFF-player orfano PID=42596
[OFF-WATCHDOG] Terminato OFF-player orfano PID=20272
[OFF-WATCHDOG] Terminato OFF-player orfano PID=35884
[OFF-WATCHDOG] Terminato OFF-player orfano PID=42596
[OFF-WATCHDOG] Terminato OFF-player orfano PID=20272
[OFF-WATCHDOG] Terminato OFF-player orfano PID=35884
[OFF-WATCHDOG] Terminato OFF-player orfano PID=42596
[OFF-WATCHDOG] Terminato OFF-player orfano PID=20272
[OFF-WATCHDOG] Terminato OFF-player orfano PID=35884
[OFF-WATCHDOG] Terminato OFF-player orfano PID=42596
[OFF-WATCHDOG] Terminato OFF-player orfano PID=20272
[OFF-WATCHDOG] Terminato OFF-player orfano PID=35884
[OFF-WATCHDOG] Terminato OFF-player orfano PID=42596
[OFF-WATCHDOG] Terminato OFF-player orfano PID=20272
[OFF-WATCHDOG] Terminato OFF-player orfano PID=35884
[OFF-WATCHDOG] Terminato OFF-player orfano PID=42596
[OFF-WATCHDOG] Terminato OFF-player orfano PID=20272
[OFF-WATCHDOG] Terminato OFF-player orfano PID=35884
[OFF-WATCHDOG] Terminato OFF-player orfano PID=42596
[OFF-WATCHDOG] Terminato OFF-player orfano PID=20272
[OFF-WATCHDOG] Terminato OFF-player orfano PID=35884
[OFF-WATCHDOG] Terminato OFF-player orfano PID=42596
[OFF-WATCHDOG] Terminato OFF-player orfano PID=20272
[OFF-WATCHDOG] Terminato OFF-player orfano PID=35884
[OFF-WATCHDOG] Terminato OFF-player orfano PID=42596
[OFF-WATCHDOG] Terminato OFF-player orfano PID=20272
[OFF-WATCHDOG] Terminato OFF-player orfano PID=35884
[OFF-WATCHDOG] Terminato OFF-player orfano PID=42596
[OFF-WATCHDOG] Terminato OFF-player orfano PID=20272
[OFF-WATCHDOG] Terminato OFF-player orfano PID=35884
[OFF-WATCHDOG] Terminato OFF-player orfano PID=42596
[OFF-WATCHDOG] Terminato OFF-player orfano PID=20272
[OFF-WATCHDOG] Terminato OFF-player orfano PID=35884
[OFF-WATCHDOG] Terminato OFF-player orfano PID=42596
[OFF-WATCHDOG] Terminato OFF-player orfano PID=20272
[OFF-WATCHDOG] Terminato OFF-player orfano PID=35884
[OFF-WATCHDOG] Terminato OFF-player orfano PID=42596
[OFF-WATCHDOG] Terminato OFF-player orfano PID=20272
[OFF-WATCHDOG] Terminato OFF-player orfano PID=35884
[OFF-WATCHDOG] Terminato OFF-player orfano PID=42596
[OFF-WATCHDOG] Terminato OFF-player orfano PID=20272
[OFF-WATCHDOG] Terminato OFF-player orfano PID=35884
[OFF-WATCHDOG] Terminato OFF-player orfano PID=42596
[OFF-WATCHDOG] Terminato OFF-player orfano PID=20272
[OFF-WATCHDOG] Terminato OFF-player orfano PID=35884
[OFF-WATCHDOG] Terminato OFF-player orfano PID=42596
[OFF-WATCHDOG] Terminato OFF-player orfano PID=20272
[OFF-WATCHDOG] Terminato OFF-player orfano PID=35884
[OFF-WATCHDOG] Terminato OFF-player orfano PID=42596
[OFF-WATCHDOG] Terminato OFF-player orfano PID=20272
[OFF-WATCHDOG] Terminato OFF-player orfano PID=35884
[OFF-WATCHDOG] Terminato OFF-player orfano PID=42596
[OFF-WATCHDOG] Terminato OFF-player orfano PID=20272
[OFF-WATCHDOG] Terminato OFF-player orfano PID=35884
[OFF-WATCHDOG] Terminato OFF-player orfano PID=42596
[OFF-WATCHDOG] Terminato OFF-player orfano PID=20272
[OFF-WATCHDOG] Terminato OFF-player orfano PID=35884
[OFF-WATCHDOG] Terminato OFF-player orfano PID=42596
[OFF-WATCHDOG] Terminato OFF-player orfano PID=20272
[OFF-WATCHDOG] Terminato OFF-player orfano PID=35884
[OFF-WATCHDOG] Terminato OFF-player orfano PID=42596
[OFF-WATCHDOG] Terminato OFF-player orfano PID=20272
[OFF-WATCHDOG] Terminato OFF-player orfano PID=35884
[OFF-WATCHDOG] Terminato OFF-player orfano PID=42596
[OFF-WATCHDOG] Terminato OFF-player orfano PID=20272
[OFF-WATCHDOG] Terminato OFF-player orfano PID=35884
[OFF-WATCHDOG] Terminato OFF-player orfano PID=42596
[OFF-WATCHDOG] Terminato OFF-player orfano PID=20272
[OFF-WATCHDOG] Terminato OFF-player orfano PID=35884
[OFF-WATCHDOG] Terminato OFF-player orfano PID=42596
[OFF-WATCHDOG] Terminato OFF-player orfano PID=20272
[OFF-WATCHDOG] Terminato OFF-player orfano PID=35884
[OFF-WATCHDOG] Terminato OFF-player orfano PID=42596
[OFF-WATCHDOG] Terminato OFF-player orfano PID=20272
[OFF-WATCHDOG] Terminato OFF-player orfano PID=35884
[OFF-WATCHDOG] Terminato OFF-player orfano PID=42596
[OFF-WATCHDOG] Terminato OFF-player orfano PID=20272
[OFF-WATCHDOG] Terminato OFF-player orfano PID=35884
[OFF-WATCHDOG] Terminato OFF-player orfano PID=42596
[OFF-WATCHDOG] Terminato OFF-player orfano PID=20272
[OFF-WATCHDOG] Terminato OFF-player orfano PID=35884
[OFF-WATCHDOG] Terminato OFF-player orfano PID=42596
[OFF-WATCHDOG] Terminato OFF-player orfano PID=20272
[OFF-WATCHDOG] Terminato OFF-player orfano PID=35884
[OFF-WATCHDOG] Terminato OFF-player orfano PID=42596
[OFF-WATCHDOG] Terminato OFF-player orfano PID=20272
[OFF-WATCHDOG] Terminato OFF-player orfano PID=35884
[OFF-WATCHDOG] Terminato OFF-player orfano PID=42596
[OFF-WATCHDOG] Terminato OFF-player orfano PID=20272
[OFF-WATCHDOG] Terminato OFF-player orfano PID=35884
[OFF-WATCHDOG] Terminato OFF-player orfano PID=42596
[OFF-WATCHDOG] Terminato OFF-player orfano PID=20272
[OFF-WATCHDOG] Terminato OFF-player orfano PID=35884
[OFF-WATCHDOG] Terminato OFF-player orfano PID=42596
[OFF-WATCHDOG] Terminato OFF-player orfano PID=20272
[OFF-WATCHDOG] Terminato OFF-player orfano PID=35884
[OFF-WATCHDOG] Terminato OFF-player orfano PID=42596
[OFF-WATCHDOG] Terminato OFF-player orfano PID=20272
[OFF-WATCHDOG] Terminato OFF-player orfano PID=35884
[OFF-WATCHDOG] Terminato OFF-player orfano PID=42596
[OFF-WATCHDOG] Terminato OFF-player orfano PID=20272
[OFF-WATCHDOG] Terminato OFF-player orfano PID=35884
[OFF-WATCHDOG] Terminato OFF-player orfano PID=42596
[OFF-WATCHDOG] Terminato OFF-player orfano PID=20272
[OFF-WATCHDOG] Terminato OFF-player orfano PID=35884
[OFF-WATCHDOG] Terminato OFF-player orfano PID=42596
[OFF-WATCHDOG] Terminato OFF-player orfano PID=20272
[OFF-WATCHDOG] Terminato OFF-player orfano PID=35884
[OFF-WATCHDOG] Terminato OFF-player orfano PID=42596
[OFF-WATCHDOG] Terminato OFF-player orfano PID=20272
[OFF-WATCHDOG] Terminato OFF-player orfano PID=35884
[OFF-WATCHDOG] Terminato OFF-player orfano PID=42596
[OFF-WATCHDOG] Terminato OFF-player orfano PID=20272
[OFF-WATCHDOG] Terminato OFF-player orfano PID=35884
[OFF-WATCHDOG] Terminato OFF-player orfano PID=42596
[OFF-WATCHDOG] Terminato OFF-player orfano PID=20272
[OFF-WATCHDOG] Terminato OFF-player orfano PID=35884
[OFF-WATCHDOG] Terminato OFF-player orfano PID=42596
[OFF-WATCHDOG] Terminato OFF-player orfano PID=20272
[OFF-WATCHDOG] Terminato OFF-player orfano PID=35884
[OFF-WATCHDOG] Terminato OFF-player orfano PID=42596
[OFF-WATCHDOG] Terminato OFF-player orfano PID=20272
[OFF-WATCHDOG] Terminato OFF-player orfano PID=35884
[OFF-WATCHDOG] Terminato OFF-player orfano PID=42596
[OFF-WATCHDOG] Terminato OFF-player orfano PID=20272
[OFF-WATCHDOG] Terminato OFF-player orfano PID=35884
[OFF-WATCHDOG] Terminato OFF-player orfano PID=42596
[OFF-WATCHDOG] Terminato OFF-player orfano PID=20272
[OFF-WATCHDOG] Terminato OFF-player orfano PID=35884
[OFF-WATCHDOG] Terminato OFF-player orfano PID=42596
[OFF-WATCHDOG] Terminato OFF-player orfano PID=20272
[OFF-WATCHDOG] Terminato OFF-player orfano PID=35884
[OFF-WATCHDOG] Terminato OFF-player orfano PID=42596
[OFF-WATCHDOG] Terminato OFF-player orfano PID=20272
[OFF-WATCHDOG] Terminato OFF-player orfano PID=35884
[OFF-WATCHDOG] Terminato OFF-player orfano PID=42596
[OFF-WATCHDOG] Terminato OFF-player orfano PID=20272
[OFF-WATCHDOG] Terminato OFF-player orfano PID=35884
[OFF-WATCHDOG] Terminato OFF-player orfano PID=42596
[OFF-WATCHDOG] Terminato OFF-player orfano PID=20272
[OFF-WATCHDOG] Terminato OFF-player orfano PID=35884
[OFF-WATCHDOG] Terminato OFF-player orfano PID=42596
[OFF-WATCHDOG] Terminato OFF-player orfano PID=20272
[OFF-WATCHDOG] Terminato OFF-player orfano PID=35884
[OFF-WATCHDOG] Terminato OFF-player orfano PID=42596
[OFF-WATCHDOG] Terminato OFF-player orfano PID=20272
[OFF-WATCHDOG] Terminato OFF-player orfano PID=35884
[OFF-WATCHDOG] Terminato OFF-player orfano PID=42596
[OFF-WATCHDOG] Terminato OFF-player orfano PID=20272
[OFF-WATCHDOG] Terminato OFF-player orfano PID=35884
[OFF-WATCHDOG] Terminato OFF-player orfano PID=42596
[OFF-WATCHDOG] Terminato OFF-player orfano PID=20272
[OFF-WATCHDOG] Terminato OFF-player orfano PID=35884
[OFF-WATCHDOG] Terminato OFF-player orfano PID=42596
[OFF-WATCHDOG] Terminato OFF-player orfano PID=20272
[OFF-WATCHDOG] Terminato OFF-player orfano PID=35884
[OFF-WATCHDOG] Terminato OFF-player orfano PID=42596
2025-11-19 16:36:21,960 [ERROR] headless-player.off: OFF-player terminated unexpectedly (code=None) retry=1 elapsed=0.0s. Recent output: [notice ] Overlay HUD -> MINIMAL | [notice ] Overlay HUD -> HIDDEN | [notice ] STOP | [notice ] Overlay HUD -> MINIMAL | [notice ] HttpServer: Server HTTP arrestato
[OFF-WATCH] OFF-player terminato inatteso (code=None) retry=1 elapsed=0.0s
[OFF-WATCH] Pianifico riavvio OFF fra 5.0s
[OFF-BINARY] Trovato eseguibile Windows: C:\Users\Riccardo\Desktop\my_repos\Maroccos\OFF-player\bin\OFF-player.exe
2025-11-19 16:36:46,722 [ERROR] headless-player.off: OFF-player terminated unexpectedly (code=None) retry=2 elapsed=24.8s. Recent output: [notice ] Comandi UDP (porta 7778): PLAY, STOP, NEXT, PREV, SET <n>, DIR <path>, RELOAD, STATUS, LOOP on|off | [notice ] API HTTP (porta 8085): GET /status /healthz /splash/* /visual/* | POST /play /stop /next /prev /set?index=N /dir?path=P /reload /loop?on=1|0 /pause /resume | [notice ] HttpServer: Avvio HTTP su porta 8085 | [notice ] HttpServer: Server HTTP attivo su /status /playlist /play ... | [notice ] HttpServer: Server HTTP arrestato
[OFF-WATCH] OFF-player terminato inatteso (code=None) retry=2 elapsed=24.8s
[OFF-WATCH] Pianifico riavvio OFF fra 10.0s
[OFF-BINARY] Trovato eseguibile Windows: C:\Users\Riccardo\Desktop\my_repos\Maroccos\OFF-player\bin\OFF-player.exe
[OFF-WATCHDOG] Terminato OFF-player orfano PID=20272
[OFF-WATCHDOG] Terminato OFF-player orfano PID=35884
[OFF-WATCHDOG] Terminato OFF-player orfano PID=42596
2025-11-19 16:37:08,591 [ERROR] headless-player.off: OFF-player terminated unexpectedly (code=None) retry=3 elapsed=46.6s. Recent output: [notice ] Comandi UDP (porta 7778): PLAY, STOP, NEXT, PREV, SET <n>, DIR <path>, RELOAD, STATUS, LOOP on|off | [notice ] API HTTP (porta 8085): GET /status /healthz /splash/* /visual/* | POST /play /stop /next /prev /set?index=N /dir?path=P /reload /loop?on=1|0 /pause /resume | [notice ] HttpServer: Avvio HTTP su porta 8085 | [notice ] HttpServer: Server HTTP attivo su /status /playlist /play ... | [notice ] HttpServer: Server HTTP arrestato
[OFF-WATCH] OFF-player terminato inatteso (code=None) retry=3 elapsed=46.6s
[OFF-WATCH] Pianifico riavvio OFF fra 15.0s
[OFF-BINARY] Trovato eseguibile Windows: C:\Users\Riccardo\Desktop\my_repos\Maroccos\OFF-player\bin\OFF-player.exe
[OFF-WATCHDOG] Terminato OFF-player orfano PID=20272
[OFF-WATCHDOG] Terminato OFF-player orfano PID=35884
[OFF-WATCHDOG] Terminato OFF-player orfano PID=42596
[OFF-WATCHDOG] Terminato OFF-player orfano PID=20272
[OFF-WATCHDOG] Terminato OFF-player orfano PID=35884
[OFF-WATCHDOG] Terminato OFF-player orfano PID=42596
[OFF-WATCHDOG] Terminato OFF-player orfano PID=20272
[OFF-WATCHDOG] Terminato OFF-player orfano PID=35884
[OFF-WATCHDOG] Terminato OFF-player orfano PID=42596
2025-11-19 16:39:46,025 [ERROR] headless-player.off: OFF-player terminated unexpectedly (code=None) retry=4 elapsed=204.1s. Recent output: [notice ] Comandi UDP (porta 7778): PLAY, STOP, NEXT, PREV, SET <n>, DIR <path>, RELOAD, STATUS, LOOP on|off | [notice ] API HTTP (porta 8085): GET /status /healthz /splash/* /visual/* | POST /play /stop /next /prev /set?index=N /dir?path=P /reload /loop?on=1|0 /pause /resume | [notice ] HttpServer: Avvio HTTP su porta 8085 | [notice ] HttpServer: Server HTTP attivo su /status /playlist /play ... | [notice ] HttpServer: Server HTTP arrestato
[OFF-WATCH] OFF-player terminato inatteso (code=None) retry=4 elapsed=204.1s
[OFF-WATCH] Pianifico riavvio OFF fra 5.0s
[OFF-BINARY] Trovato eseguibile Windows: C:\Users\Riccardo\Desktop\my_repos\Maroccos\OFF-player\bin\OFF-player.exe
2025-11-19 16:39:56,618 [ERROR] headless-player.off: OFF-player terminated unexpectedly (code=None) retry=2 elapsed=10.6s. Recent output: [notice ] Comandi UDP (porta 7778): PLAY, STOP, NEXT, PREV, SET <n>, DIR <path>, RELOAD, STATUS, LOOP on|off | [notice ] API HTTP (porta 8085): GET /status /healthz /splash/* /visual/* | POST /play /stop /next /prev /set?index=N /dir?path=P /reload /loop?on=1|0 /pause /resume | [notice ] HttpServer: Avvio HTTP su porta 8085 | [notice ] HttpServer: Server HTTP attivo su /status /playlist /play ... | [notice ] HttpServer: Server HTTP arrestato
[OFF-WATCH] OFF-player terminato inatteso (code=None) retry=2 elapsed=10.6s
[OFF-WATCH] Pianifico riavvio OFF fra 10.0s
[OFF-WATCHDOG] Terminato OFF-player orfano PID=20272
[OFF-WATCHDOG] Terminato OFF-player orfano PID=35884
[OFF-BINARY] Trovato eseguibile Windows: C:\Users\Riccardo\Desktop\my_repos\Maroccos\OFF-player\bin\OFF-player.exe
[OFF-WATCHDOG] Terminato OFF-player orfano PID=42596
2025-11-19 16:40:20,737 [ERROR] headless-player.off: OFF-player terminated unexpectedly (code=None) retry=3 elapsed=34.7s. Recent output: [notice ] Comandi UDP (porta 7778): PLAY, STOP, NEXT, PREV, SET <n>, DIR <path>, RELOAD, STATUS, LOOP on|off | [notice ] API HTTP (porta 8085): GET /status /healthz /splash/* /visual/* | POST /play /stop /next /prev /set?index=N /dir?path=P /reload /loop?on=1|0 /pause /resume | [notice ] HttpServer: Avvio HTTP su porta 8085 | [notice ] HttpServer: Server HTTP attivo su /status /playlist /play ... | [notice ] HttpServer: Server HTTP arrestato
[OFF-WATCH] OFF-player terminato inatteso (code=None) retry=3 elapsed=34.7s
[OFF-WATCH] Pianifico riavvio OFF fra 15.0s
[OFF-BINARY] Trovato eseguibile Windows: C:\Users\Riccardo\Desktop\my_repos\Maroccos\OFF-player\bin\OFF-player.exe
2025-11-19 16:40:39,859 [ERROR] headless-player.off: OFF-player terminated unexpectedly (code=None) retry=4 elapsed=53.8s. Recent output: [notice ] Comandi UDP (porta 7778): PLAY, STOP, NEXT, PREV, SET <n>, DIR <path>, RELOAD, STATUS, LOOP on|off | [notice ] API HTTP (porta 8085): GET /status /healthz /splash/* /visual/* | POST /play /stop /next /prev /set?index=N /dir?path=P /reload /loop?on=1|0 /pause /resume | [notice ] HttpServer: Avvio HTTP su porta 8085 | [notice ] HttpServer: Server HTTP attivo su /status /playlist /play ... | [notice ] HttpServer: Server HTTP arrestato
[OFF-WATCH] OFF-player terminato inatteso (code=None) retry=4 elapsed=53.8s
2025-11-19 16:40:39,859 [WARNING] headless-player.off: Not restarting OFF-player after 4 failures in 53.8s
[OFF-WATCH] Troppi fallimenti in 60.0s (>3). Non riavvio. Headless resta vivo.
[OFF-WATCHDOG] Terminato OFF-player orfano PID=20272
[OFF-WATCHDOG] Terminato OFF-player orfano PID=35884
[OFF-WATCHDOG] Terminato OFF-player orfano PID=42596
